None | data: True | cd: None
   pathLen 79.2 svgpts [{}, {}]
   d: M39.55,26.61Q43.11,26.24 44.2,26.14C45.28,26.04 47.76,25.81 48.85,25.72C49.93,25.63 52.41,25.44 53.5,25.37C54.59,25.3 57.07,25.14 58.16,25.08C59.25,25.02 61.72,
None | data: True | cd: None
   pathLen 79.2 svgpts [{}, {}]
   d: M118.64,26.61Q122.2,26.24 123.29,26.14C124.37,26.04 126.85,25.81 127.94,25.72C129.02,25.63 131.5,25.44 132.59,25.37C133.68,25.3 136.16,25.14 137.25,25.08C138.34
None | data: True | cd: None
   pathLen 79.2 svgpts [{}, {}]
   d: M197.73,26.61Q201.29,26.24 202.38,26.14C203.46,26.04 205.94,25.81 207.03,25.72C208.11,25.63 210.59,25.44 211.68,25.37C212.77,25.3 215.25,25.14 216.34,25.08C217.
None | data: True | cd: None
   pathLen 79.2 svgpts [{}, {}]
   d: M276.82,26.61Q280.38,26.24 281.47,26.14C282.55,26.04 285.03,25.81 286.12,25.72C287.21,25.63 289.69,25.44 290.78,25.37C291.87,25.3 294.34,25.14 295.43,25.08C296.
None | data: True | cd: None
   pathLen 395.9 svgpts [{}, {}]
   d: M39.55,26.61Q57.38,25.23 62.81,24.84C68.24,24.45 80.64,23.62 86.07,23.29C91.5,22.96 103.9,22.25 109.33,21.97C114.76,21.69 127.16,21.09 132.59,20.86C138.02,20.63
None | data: True | cd: None
   pathLen 321.3 svgpts [{}, {}]
   d: M435,26.61Q421.01,30.37 416.75,31.48C412.49,32.59 402.73,35.07 398.46,36.13C394.19,37.19 384.4,39.55 380.12,40.56C375.84,41.57 366.03,43.82 361.74,44.78C357.45,
None | data: True | cd: None
   pathLen 79.2 svgpts [{}, {}]
   d: M118.64,79.83Q122.2,79.45 123.29,79.35C124.37,79.25 126.85,79.03 127.94,78.94C129.02,78.85 131.5,78.67 132.59,78.59C133.68,78.51 136.16,78.35 137.25,78.29C138.3
None | data: True | cd: None
   pathLen 79.2 svgpts [{}, {}]
   d: M197.73,79.83Q201.29,79.45 202.38,79.35C203.46,79.25 205.94,79.03 207.03,78.94C208.11,78.85 210.59,78.67 211.68,78.59C212.77,78.51 215.25,78.35 216.34,78.29C217
None | data: True | cd: None
   pathLen 79.2 svgpts [{}, {}]
   d: M276.82,79.83Q280.38,79.45 281.47,79.35C282.55,79.25 285.03,79.03 286.12,78.94C287.21,78.85 289.69,78.67 290.78,78.59C291.87,78.51 294.34,78.35 295.43,78.29C296
